Microchip MPLAB XC8 Compiler V2.46

Linker command line:

-W-3 --edf=C:\Apps\Microchip\xc8\pic\dat\20240104201356_en.msgs -cn \
  -h+dist/default/production\PIC_QuickDevBoard_PIC16F145X.X.production.sym \
  --cmf=dist/default/production\PIC_QuickDevBoard_PIC16F145X.X.production.cmf \
  -z -Q16F1459 -oC:\Users\roniv\AppData\Local\Temp\xcAsa9o.\driver_tmp_3.o \
  --defsym=__MPLAB_BUILD=1 --fixupoverflow=error \
  -Mdist/default/production/PIC_QuickDevBoard_PIC16F145X.X.production.map \
  --md=C:\Users\roniv\AppData\Local\Temp\xcAsa9o.\driver_tmp_0.dat -E1 \
  -ver=XC8 Compiler --acfsm=1493 -ACODE=00h-07FFhx4 -ASTRCODE=00h-01FFFh \
  -ASTRING=00h-0FFhx32 -ACONST=00h-0FFhx32 -AENTRY=00h-0FFhx32 \
  -ACOMMON=070h-07Fh -ABANK0=020h-06Fh -ABANK1=0A0h-0EFh \
  -ABANK2=0120h-016Fh -ABANK3=01A0h-01EFh -ABANK4=0220h-026Fh \
  -ABANK5=02A0h-02EFh -ABANK6=0320h-036Fh -ABANK7=03A0h-03EFh \
  -ABANK8=0420h-046Fh -ABANK9=04A0h-04EFh -ABANK10=0520h-056Fh \
  -ABANK11=05A0h-05EFh -ABANK12=0620h-064Fh -ABIGRAM=02000h-023EFh \
  -ARAM=020h-06Fh,0A0h-0EFh,0120h-016Fh,01A0h-01EFh,0220h-026Fh,02A0h-02EFh,0320h-036Fh,03A0h-03EFh,0420h-046Fh,04A0h-04EFh,0520h-056Fh,05A0h-05EFh,0620h-064Fh \
  -AABS1=020h-07Fh,0A0h-0EFh,0120h-016Fh,01A0h-01EFh,0220h-026Fh,02A0h-02EFh,0320h-036Fh,03A0h-03EFh,0420h-046Fh,04A0h-04EFh,0520h-056Fh,05A0h-05EFh,0620h-064Fh \
  -ASFR0=00h-01Fh -ASFR1=080h-09Fh -ASFR2=0100h-011Fh -ASFR3=0180h-019Fh \
  -ASFR4=0200h-021Fh -ASFR5=0280h-029Fh -ASFR6=0300h-031Fh \
  -ASFR7=0380h-039Fh -ASFR8=0400h-041Fh -ASFR9=0480h-049Fh \
  -ASFR10=0500h-051Fh -ASFR11=0580h-059Fh -ASFR12=0600h-061Fh \
  -ASFR13=0680h-06EFh -ASFR14=0700h-076Fh -ASFR15=0780h-07EFh \
  -ASFR16=0800h-086Fh -ASFR17=0880h-08EFh -ASFR18=0900h-096Fh \
  -ASFR19=0980h-09EFh -ASFR20=0A00h-0A6Fh -ASFR21=0A80h-0AEFh \
  -ASFR22=0B00h-0B6Fh -ASFR23=0B80h-0BEFh -ASFR24=0C00h-0C6Fh \
  -ASFR25=0C80h-0CEFh -ASFR26=0D00h-0D6Fh -ASFR27=0D80h-0DEFh \
  -ASFR28=0E00h-0E6Fh -ASFR29=0E80h-0EEFh -ASFR30=0F00h-0F6Fh \
  -ASFR31=0F80h-0FEFh -ACONFIG=08007h-08008h -DCONFIG=2 \
  -AIDLOC=08000h-08003h -DIDLOC=2 -DCODE=2 -DSTRCODE=2 -DSTRING=2 -DCONST=2 \
  -DENTRY=2 -preset_vec=00h,intentry=04h,sivt,init,end_init -ppowerup=CODE \
  -pcinit=CODE -pfunctab=ENTRY -k \
  C:\Users\roniv\AppData\Local\Temp\xcAsa9o.\driver_tmp_17.o \
  dist/default/production\PIC_QuickDevBoard_PIC16F145X.X.production.o 

Object code version is 3.11

Machine type is 16F1459



                Name                               Link     Load   Length Selector   Space Scale
C:\Users\roniv\AppData\Local\Temp\xcAsa9o.\driver_tmp_17.o
                end_init                             17       17        2        8       0
                reset_vec                             0        0        2        0       0
                config                             8007     8007        2        0       4
dist/default/production\PIC_QuickDevBoard_PIC16F145X.X.production.o
                cinit                                19       19       14        8       0
                intentry                              4        4       13        8       0
                config                             8007     8007        2        0       4
                text27                              2D1      2D1       5F        8       0
                text26                              497      497       53        8       0
                text25                              58C      58C       11      A90       0
                text24                              614      614        1      C00       0
                text23                              38D      38D       5D        8       0
                text22                              11F      11F       EF        8       0
                text21                              50B      50B       1F        8       0
                text20                              5CD      5CD       10      A90       0
                text19                              3EA      3EA       57        8       0
                text18                              613      613        1      C00       0
                text17                              5BD      5BD       10      A90       0
                text15                              5AD      5AD       10      A90       0
                text14                              60C      60C        6      C00       0
                text13                              5EA      5EA        C      A90       0
                text12                              4EA      4EA       21        8       0
                text11                              606      606        6      C00       0
                text10                              566      566       14      A90       0
                text9                               5DD      5DD        D      A90       0
                text8                               20E      20E       64        8       0
                text7                               441      441       56        8       0
                text6                               57A      57A       12      A90       0
                text5                               612      612        1      C00       0
                text4                               272      272       5F        8       0
                text3                                2D       2D       F2        8       0
                text2                               548      548       1E      A90       0
                text1                               59D      59D       10      A90       0
                maintext                            330      330       5D        8       0
                cstackBANK0                          20       20       20       20       1
                cstackCOMMON                         70       70        E       70       1
                cstackBANK1                          A0       A0       26       A0       1
                clrtext                             600      600        6      C00       0
                bssBANK1                             C6       C6       20       A0       1
                bssBANK0                             40       40       12       20       1
                stringtext2                         5F6      5F6        A      BEC       0
                stringtext1                         52A      52A       1E      A54       0

TOTAL           Name                               Link     Load   Length     Space
        CLASS   CODE           
                end_init                             17       17        2         0
                cinit                                19       19       14         0
                intentry                              4        4       13         0
                reset_vec                             0        0        2         0
                text27                              2D1      2D1       5F         0
                text26                              497      497       53         0
                text25                              58C      58C       11         0
                text24                              614      614        1         0
                text23                              38D      38D       5D         0
                text22                              11F      11F       EF         0
                text21                              50B      50B       1F         0
                text20                              5CD      5CD       10         0
                text19                              3EA      3EA       57         0
                text18                              613      613        1         0
                text17                              5BD      5BD       10         0
                text15                              5AD      5AD       10         0
                text14                              60C      60C        6         0
                text13                              5EA      5EA        C         0
                text12                              4EA      4EA       21         0
                text11                              606      606        6         0
                text10                              566      566       14         0
                text9                               5DD      5DD        D         0
                text8                               20E      20E       64         0
                text7                               441      441       56         0
                text6                               57A      57A       12         0
                text5                               612      612        1         0
                text4                               272      272       5F         0
                text3                                2D       2D       F2         0
                text2                               548      548       1E         0
                text1                               59D      59D       10         0
                maintext                            330      330       5D         0
                clrtext                             600      600        6         0

        CLASS   STRCODE        
                stringtext2                         5F6      5F6        A         0
                stringtext1                         52A      52A       1E         0

        CLASS   STRING         

        CLASS   CONST          

        CLASS   ENTRY          

        CLASS   COMMON         
                cstackCOMMON                         70       70        E         1

        CLASS   BANK0          
                cstackBANK0                          20       20       20         1
                bssBANK0                             40       40       12         1

        CLASS   BANK1          
                cstackBANK1                          A0       A0       26         1
                bssBANK1                             C6       C6       20         1

        CLASS   BANK2          

        CLASS   BANK3          

        CLASS   BANK4          

        CLASS   BANK5          

        CLASS   BANK6          

        CLASS   BANK7          

        CLASS   BANK8          

        CLASS   BANK9          

        CLASS   BANK10         

        CLASS   BANK11         

        CLASS   BANK12         

        CLASS   BIGRAM         

        CLASS   RAM            

        CLASS   ABS1           
                abs_s1                               7E       7E        2         1

        CLASS   SFR0           

        CLASS   SFR1           

        CLASS   SFR2           

        CLASS   SFR3           

        CLASS   SFR4           

        CLASS   SFR5           

        CLASS   SFR6           

        CLASS   SFR7           

        CLASS   SFR8           

        CLASS   SFR9           

        CLASS   SFR10          

        CLASS   SFR11          

        CLASS   SFR12          

        CLASS   SFR13          

        CLASS   SFR14          

        CLASS   SFR15          

        CLASS   SFR16          

        CLASS   SFR17          

        CLASS   SFR18          

        CLASS   SFR19          

        CLASS   SFR20          

        CLASS   SFR21          

        CLASS   SFR22          

        CLASS   SFR23          

        CLASS   SFR24          

        CLASS   SFR25          

        CLASS   SFR26          

        CLASS   SFR27          

        CLASS   SFR28          

        CLASS   SFR29          

        CLASS   SFR30          

        CLASS   SFR31          

        CLASS   CONFIG         
                config                             8007     8007        2         4

        CLASS   IDLOC          

        CLASS   BANK31         

        CLASS   BANK30         

        CLASS   BANK29         

        CLASS   BANK28         

        CLASS   BANK27         

        CLASS   BANK26         

        CLASS   BANK25         

        CLASS   BANK24         

        CLASS   BANK23         

        CLASS   BANK22         

        CLASS   BANK21         

        CLASS   BANK20         

        CLASS   BANK19         

        CLASS   BANK18         

        CLASS   BANK17         

        CLASS   BANK16         

        CLASS   BANK15         

        CLASS   BANK14         

        CLASS   BANK13         

        CLASS   HEAP           

        CLASS   STACK          

        CLASS   EEDATA         



SEGMENTS        Name                           Load    Length   Top    Selector   Space  Class     Delta

                reset_vec                      000000  000002  000002         0       0  CODE        2
                intentry                       000004  000526  00052A         8       0  CODE        2
                cstackBANK0                    000020  000032  000052        20       1  BANK0       1
                cstackCOMMON                   000070  00000E  00007E        70       1  COMMON      1
                cstackBANK1                    0000A0  000046  0000E6        A0       1  BANK1       1
                stringtext1                    00052A  00001E  000548       A54       0  STRCODE     2
                text2                          000548  0000AE  0005F6       A90       0  CODE        2
                stringtext2                    0005F6  00000A  000600       BEC       0  STRCODE     2
                clrtext                        000600  000015  000615       C00       0  CODE        2


UNUSED ADDRESS RANGES

        Name                Unused          Largest block    Delta
        BANK0            00052-0006F              1E           1
        BANK1            000E6-000EF               A           1
        BANK10           00520-0056F              50           1
        BANK11           005A0-005EF              50           1
        BANK12           00620-0064F              30           1
        BANK2            00120-0016F              50           1
        BANK3            001A0-001EF              50           1
        BANK4            00220-0026F              50           1
        BANK5            002A0-002EF              50           1
        BANK6            00320-0036F              50           1
        BANK7            003A0-003EF              50           1
        BANK8            00420-0046F              50           1
        BANK9            004A0-004EF              50           1
        BIGRAM           02000-023EF             3F0           1
        CODE             00002-00003               2           2
                         00615-01FFF             800
        CONST            00002-00003               2           2
                         00615-01FFF             100
        ENTRY            00002-00003               2           2
                         00615-01FFF             100
        IDLOC            08000-08003               4           2
        RAM              00052-0006F              1E           1
                         000E6-000EF               A
                         00120-0016F              50
                         001A0-001EF              50
                         00220-0026F              50
                         002A0-002EF              50
                         00320-0036F              50
                         003A0-003EF              50
                         00420-0046F              50
                         004A0-004EF              50
                         00520-0056F              50
                         005A0-005EF              50
                         00620-0064F              30
        SFR0             00000-0001F              20           1
        SFR1             00080-0009F              20           1
        SFR10            00500-0051F              20           1
        SFR11            00580-0059F              20           1
        SFR12            00600-0061F              20           1
        SFR13            00680-006EF              70           1
        SFR14            00700-0076F              70           1
        SFR15            00780-007EF              70           1
        SFR16            00800-0086F              70           1
        SFR17            00880-008EF              70           1
        SFR18            00900-0096F              70           1
        SFR19            00980-009EF              70           1
        SFR2             00100-0011F              20           1
        SFR20            00A00-00A6F              70           1
        SFR21            00A80-00AEF              70           1
        SFR22            00B00-00B6F              70           1
        SFR23            00B80-00BEF              70           1
        SFR24            00C00-00C6F              70           1
        SFR25            00C80-00CEF              70           1
        SFR26            00D00-00D6F              70           1
        SFR27            00D80-00DEF              70           1
        SFR28            00E00-00E6F              70           1
        SFR29            00E80-00EEF              70           1
        SFR3             00180-0019F              20           1
        SFR30            00F00-00F6F              70           1
        SFR31            00F80-00FEF              70           1
        SFR4             00200-0021F              20           1
        SFR5             00280-0029F              20           1
        SFR6             00300-0031F              20           1
        SFR7             00380-0039F              20           1
        SFR8             00400-0041F              20           1
        SFR9             00480-0049F              20           1
        STRCODE          00002-00003               2           2
                         00615-01FFF            19EB
        STRING           00002-00003               2           2
                         00615-01FFF             100

                                  Symbol Table

?___awdiv                                       cstackBANK1  000A0
?___awmod                                       cstackBANK1  000A0
?_abs                                           cstackBANK1  000A6
?_printf                                        cstackBANK1  000C1
?_vfprintf                                      cstackBANK1  000BA
?i1___awdiv                                     cstackCOMMON 00070
?i1___awmod                                     cstackCOMMON 00070
?i1_abs                                         cstackCOMMON 00077
?i1_printf                                      cstackBANK0  00035
?i1_vfprintf                                    cstackBANK0  00030
INT_SetInterruptHandler@InterruptHandler        cstackBANK0  0003E
Timer0_OverflowCallbackRegister@CallbackHandler cstackBANK0  0003E
_ACTCON                                         (abs)        0039B
_ANSELA                                         (abs)        0018C
_ANSELB                                         (abs)        0018D
_ANSELC                                         (abs)        0018E
_BORCON                                         (abs)        00116
_CLOCK_Initialize                               text15       005AD
_INTCONbits                                     (abs)        0000B
_INTERRUPT_Initialize                           text13       005EA
_INTERRUPT_InterruptManager                     intentry     00004
_INT_DefaultInterruptHandler                    (abs)        00000
_INT_InterruptHandler                           bssBANK0     0004E
_INT_SetInterruptHandler                        text14       0060C
_IOCAF                                          (abs)        00393
_IOCAN                                          (abs)        00392
_IOCAP                                          (abs)        00391
_IOCBF                                          (abs)        00396
_IOCBN                                          (abs)        00395
_IOCBP                                          (abs)        00394
_LATA                                           (abs)        0010C
_LATB                                           (abs)        0010D
_LATBbits                                       (abs)        0010D
_LATC                                           (abs)        0010E
_OPTION_REG                                     (abs)        00095
_OPTION_REGbits                                 (abs)        00095
_OSCCON                                         (abs)        00099
_OSCSTAT                                        (abs)        0009A
_OSCSTATbits                                    (abs)        0009A
_OSCTUNE                                        (abs)        00098
_PIN_MANAGER_Initialize                         text12       004EA
_PORTAbits                                      (abs)        0000C
_RB4                                            (abs)        0006C
_SYSTEM_Initialize                              text9        005DD
_TMR0                                           (abs)        00015
_TRISA                                          (abs)        0008C
_TRISB                                          (abs)        0008D
_TRISC                                          (abs)        0008E
_Timer0_DefaultOverflowCallback                 text18       00613
_Timer0_Initialize                              text10       00566
_Timer0_OverflowCallback                        bssBANK0     0004C
_Timer0_OverflowCallbackRegister                text11       00606
_Timer0_OverflowISR                             text17       005BD
_Timer0_PeriodCountSet                          (abs)        00000
_Timer_CallBack_Function                        text19       003EA
_WPUA                                           (abs)        0020C
_WPUB                                           (abs)        0020D
__H__absolute__                                 __absolute__ 00000
__Habs1                                         abs1         00000
__Hbank0                                        bank0        00000
__Hbank1                                        bank1        00000
__Hbank10                                       bank10       00000
__Hbank11                                       bank11       00000
__Hbank12                                       bank12       00000
__Hbank13                                       bank13       00000
__Hbank14                                       bank14       00000
__Hbank15                                       bank15       00000
__Hbank16                                       bank16       00000
__Hbank17                                       bank17       00000
__Hbank18                                       bank18       00000
__Hbank19                                       bank19       00000
__Hbank2                                        bank2        00000
__Hbank20                                       bank20       00000
__Hbank21                                       bank21       00000
__Hbank22                                       bank22       00000
__Hbank23                                       bank23       00000
__Hbank24                                       bank24       00000
__Hbank25                                       bank25       00000
__Hbank26                                       bank26       00000
__Hbank27                                       bank27       00000
__Hbank28                                       bank28       00000
__Hbank29                                       bank29       00000
__Hbank3                                        bank3        00000
__Hbank30                                       bank30       00000
__Hbank31                                       bank31       00000
__Hbank4                                        bank4        00000
__Hbank5                                        bank5        00000
__Hbank6                                        bank6        00000
__Hbank7                                        bank7        00000
__Hbank8                                        bank8        00000
__Hbank9                                        bank9        00000
__Hbigram                                       bigram       00000
__HbssBANK0                                     bssBANK0     00000
__HbssBANK1                                     bssBANK1     00000
__Hcinit                                        cinit        0002D
__Hclrtext                                      clrtext      00000
__Hcode                                         code         00000
__Hcommon                                       common       00000
__Hconfig                                       config       08009
__HcstackBANK0                                  cstackBANK0  00000
__HcstackBANK1                                  cstackBANK1  00000
__HcstackCOMMON                                 cstackCOMMON 00000
__Heeprom_data                                  eeprom_data  00000
__Hend_init                                     end_init     00019
__Hfunctab                                      functab      00000
__Hheap                                         heap         00000
__Hinit                                         init         00017
__Hintentry                                     intentry     00017
__Hmaintext                                     maintext     00000
__Hpowerup                                      powerup      00000
__Hram                                          ram          00000
__Hreset_vec                                    reset_vec    00002
__Hsfr0                                         sfr0         00000
__Hsfr1                                         sfr1         00000
__Hsfr10                                        sfr10        00000
__Hsfr11                                        sfr11        00000
__Hsfr12                                        sfr12        00000
__Hsfr13                                        sfr13        00000
__Hsfr14                                        sfr14        00000
__Hsfr15                                        sfr15        00000
__Hsfr16                                        sfr16        00000
__Hsfr17                                        sfr17        00000
__Hsfr18                                        sfr18        00000
__Hsfr19                                        sfr19        00000
__Hsfr2                                         sfr2         00000
__Hsfr20                                        sfr20        00000
__Hsfr21                                        sfr21        00000
__Hsfr22                                        sfr22        00000
__Hsfr23                                        sfr23        00000
__Hsfr24                                        sfr24        00000
__Hsfr25                                        sfr25        00000
__Hsfr26                                        sfr26        00000
__Hsfr27                                        sfr27        00000
__Hsfr28                                        sfr28        00000
__Hsfr29                                        sfr29        00000
__Hsfr3                                         sfr3         00000
__Hsfr30                                        sfr30        00000
__Hsfr31                                        sfr31        00000
__Hsfr4                                         sfr4         00000
__Hsfr5                                         sfr5         00000
__Hsfr6                                         sfr6         00000
__Hsfr7                                         sfr7         00000
__Hsfr8                                         sfr8         00000
__Hsfr9                                         sfr9         00000
__Hsivt                                         sivt         00017
__Hspace_0                                      (abs)        00615
__Hspace_1                                      (abs)        000E6
__Hspace_2                                      (abs)        00000
__Hspace_3                                      (abs)        00000
__Hspace_4                                      (abs)        10010
__Hstack                                        stack        00000
__Hstrings                                      strings      00000
__Hstringtext1                                  stringtext1  00000
__Hstringtext2                                  stringtext2  00000
__Hstringtext3                                  stringtext3  00000
__Htext                                         text         00000
__L__absolute__                                 __absolute__ 00000
__Labs1                                         abs1         00000
__Lbank0                                        bank0        00000
__Lbank1                                        bank1        00000
__Lbank10                                       bank10       00000
__Lbank11                                       bank11       00000
__Lbank12                                       bank12       00000
__Lbank13                                       bank13       00000
__Lbank14                                       bank14       00000
__Lbank15                                       bank15       00000
__Lbank16                                       bank16       00000
__Lbank17                                       bank17       00000
__Lbank18                                       bank18       00000
__Lbank19                                       bank19       00000
__Lbank2                                        bank2        00000
__Lbank20                                       bank20       00000
__Lbank21                                       bank21       00000
__Lbank22                                       bank22       00000
__Lbank23                                       bank23       00000
__Lbank24                                       bank24       00000
__Lbank25                                       bank25       00000
__Lbank26                                       bank26       00000
__Lbank27                                       bank27       00000
__Lbank28                                       bank28       00000
__Lbank29                                       bank29       00000
__Lbank3                                        bank3        00000
__Lbank30                                       bank30       00000
__Lbank31                                       bank31       00000
__Lbank4                                        bank4        00000
__Lbank5                                        bank5        00000
__Lbank6                                        bank6        00000
__Lbank7                                        bank7        00000
__Lbank8                                        bank8        00000
__Lbank9                                        bank9        00000
__Lbigram                                       bigram       00000
__LbssBANK0                                     bssBANK0     00000
__LbssBANK1                                     bssBANK1     00000
__Lcinit                                        cinit        00019
__Lclrtext                                      clrtext      00000
__Lcode                                         code         00000
__Lcommon                                       common       00000
__Lconfig                                       config       00000
__LcstackBANK0                                  cstackBANK0  00000
__LcstackBANK1                                  cstackBANK1  00000
__LcstackCOMMON                                 cstackCOMMON 00000
__Leeprom_data                                  eeprom_data  00000
__Lend_init                                     end_init     00017
__Lfunctab                                      functab      00000
__Lheap                                         heap         00000
__Linit                                         init         00017
__Lintentry                                     intentry     00004
__Lmaintext                                     maintext     00000
__Lpowerup                                      powerup      00000
__Lram                                          ram          00000
__Lreset_vec                                    reset_vec    00000
__Lsfr0                                         sfr0         00000
__Lsfr1                                         sfr1         00000
__Lsfr10                                        sfr10        00000
__Lsfr11                                        sfr11        00000
__Lsfr12                                        sfr12        00000
__Lsfr13                                        sfr13        00000
__Lsfr14                                        sfr14        00000
__Lsfr15                                        sfr15        00000
__Lsfr16                                        sfr16        00000
__Lsfr17                                        sfr17        00000
__Lsfr18                                        sfr18        00000
__Lsfr19                                        sfr19        00000
__Lsfr2                                         sfr2         00000
__Lsfr20                                        sfr20        00000
__Lsfr21                                        sfr21        00000
__Lsfr22                                        sfr22        00000
__Lsfr23                                        sfr23        00000
__Lsfr24                                        sfr24        00000
__Lsfr25                                        sfr25        00000
__Lsfr26                                        sfr26        00000
__Lsfr27                                        sfr27        00000
__Lsfr28                                        sfr28        00000
__Lsfr29                                        sfr29        00000
__Lsfr3                                         sfr3         00000
__Lsfr30                                        sfr30        00000
__Lsfr31                                        sfr31        00000
__Lsfr4                                         sfr4         00000
__Lsfr5                                         sfr5         00000
__Lsfr6                                         sfr6         00000
__Lsfr7                                         sfr7         00000
__Lsfr8                                         sfr8         00000
__Lsfr9                                         sfr9         00000
__Lsivt                                         sivt         00017
__Lspace_0                                      (abs)        00000
__Lspace_1                                      (abs)        00000
__Lspace_2                                      (abs)        00000
__Lspace_3                                      (abs)        00000
__Lspace_4                                      (abs)        00000
__Lstack                                        stack        00000
__Lstrings                                      strings      00000
__Lstringtext1                                  stringtext1  00000
__Lstringtext2                                  stringtext2  00000
__Lstringtext3                                  stringtext3  00000
__Ltext                                         text         00000
__S0                                            (abs)        00615
__S1                                            (abs)        000E6
___awdiv                                        text8        0020E
___awdiv@counter                                cstackBANK1  000A4
___awdiv@dividend                               cstackBANK1  000A2
___awdiv@divisor                                cstackBANK1  000A0
___awdiv@quotient                               cstackBANK1  000A6
___awdiv@sign                                   cstackBANK1  000A5
___awmod                                        text7        00441
___awmod@counter                                cstackBANK1  000A4
___awmod@dividend                               cstackBANK1  000A2
___awmod@divisor                                cstackBANK1  000A0
___awmod@sign                                   cstackBANK1  000A5
___heap_hi                                      (abs)        00000
___heap_lo                                      (abs)        00000
___int_sp                                       stack        00000
___int_stack_hi                                 stack        00000
___int_stack_lo                                 stack        00000
___latbits                                      (abs)        00002
___sp                                           stack        00000
___stack_hi                                     stack        00000
___stack_lo                                     stack        00000
___stackhi                                      (abs)        00000
___stacklo                                      (abs)        00000
__end_of_CLOCK_Initialize                       text15       005BD
__end_of_INTERRUPT_Initialize                   text13       005F6
__end_of_INTERRUPT_InterruptManager             intentry     00017
__end_of_INT_SetInterruptHandler                text14       00612
__end_of_PIN_MANAGER_Initialize                 text12       0050B
__end_of_SYSTEM_Initialize                      text9        005EA
__end_of_Timer0                                 stringtext1  00536
__end_of_Timer0_DefaultOverflowCallback         text18       00614
__end_of_Timer0_Initialize                      text10       0057A
__end_of_Timer0_OverflowCallbackRegister        text11       0060C
__end_of_Timer0_OverflowISR                     text17       005CD
__end_of_Timer_CallBack_Function                text19       00441
__end_of___awdiv                                text8        00272
__end_of___awmod                                text7        00497
__end_of__initialization                        cinit        00029
__end_of_abs                                    text6        0058C
__end_of_fputc                                  text4        002D1
__end_of_main                                   maintext     0038D
__end_of_printf                                 text1        005AD
__end_of_putch                                  text5        00613
__end_of_vfpfcnvrt                              text3        0011F
__end_of_vfprintf                               text2        00566
__end_ofi1___awdiv                              text27       00330
__end_ofi1___awmod                              text26       004EA
__end_ofi1_abs                                  text25       0059D
__end_ofi1_fputc                                text23       003EA
__end_ofi1_printf                               text20       005DD
__end_ofi1_putch                                text24       00615
__end_ofi1_vfpfcnvrt                            text22       0020E
__end_ofi1_vfprintf                             text21       0052A
__initialization                                cinit        00019
__pbssBANK0                                     bssBANK0     00040
__pbssBANK1                                     bssBANK1     000C6
__pcstackBANK0                                  cstackBANK0  00020
__pcstackBANK1                                  cstackBANK1  000A0
__pcstackCOMMON                                 cstackCOMMON 00070
__pintentry                                     intentry     00004
__pmaintext                                     maintext     00330
__pstringtext1                                  stringtext1  0052A
__pstringtext2                                  stringtext2  005F6
__pstringtext3                                  stringtext3  00000
__ptext1                                        text1        0059D
__ptext10                                       text10       00566
__ptext11                                       text11       00606
__ptext12                                       text12       004EA
__ptext13                                       text13       005EA
__ptext14                                       text14       0060C
__ptext15                                       text15       005AD
__ptext17                                       text17       005BD
__ptext18                                       text18       00613
__ptext19                                       text19       003EA
__ptext2                                        text2        00548
__ptext20                                       text20       005CD
__ptext21                                       text21       0050B
__ptext22                                       text22       0011F
__ptext23                                       text23       0038D
__ptext24                                       text24       00614
__ptext25                                       text25       0058C
__ptext26                                       text26       00497
__ptext27                                       text27       002D1
__ptext3                                        text3        0002D
__ptext4                                        text4        00272
__ptext5                                        text5        00612
__ptext6                                        text6        0057A
__ptext7                                        text7        00441
__ptext8                                        text8        0020E
__ptext9                                        text9        005DD
_abs                                            text6        0057A
_dbuf                                           bssBANK1     000C6
_flags                                          bssBANK0     00050
_fputc                                          text4        00272
_hour                                           bssBANK0     0004A
_main                                           maintext     00330
_minute                                         bssBANK0     00048
_ms                                             bssBANK0     00044
_prec                                           bssBANK0     00042
_printf                                         text1        0059D
_putch                                          text5        00612
_second                                         bssBANK0     00046
_timer0ReloadVal                                bssBANK0     00051
_vfpfcnvrt                                      text3        0002D
_vfprintf                                       text2        00548
_width                                          bssBANK0     00040
abs@a                                           cstackBANK1  000A6
btemp                                           (abs)        0007E
clear_ram0                                      clrtext      00600
end_of_initialization                           cinit        00029
fputc@c                                         cstackBANK1  000A0
fputc@fp                                        cstackBANK1  000A2
i1___awdiv                                      text27       002D1
i1___awdiv@counter                              cstackCOMMON 00075
i1___awdiv@dividend                             cstackCOMMON 00072
i1___awdiv@divisor                              cstackCOMMON 00070
i1___awdiv@quotient                             cstackCOMMON 00077
i1___awdiv@sign                                 cstackCOMMON 00076
i1___awmod                                      text26       00497
i1___awmod@counter                              cstackCOMMON 00075
i1___awmod@dividend                             cstackCOMMON 00072
i1___awmod@divisor                              cstackCOMMON 00070
i1___awmod@sign                                 cstackCOMMON 00076
i1_abs                                          text25       0058C
i1_fputc                                        text23       0038D
i1_printf                                       text20       005CD
i1_putch                                        text24       00614
i1_vfpfcnvrt                                    text22       0011F
i1_vfprintf                                     text21       0050B
i1abs@a                                         cstackCOMMON 00077
i1fputc@c                                       cstackCOMMON 00070
i1fputc@fp                                      cstackCOMMON 00072
i1printf@ap                                     cstackBANK0  0003D
i1printf@fmt                                    cstackBANK0  00035
i1vfpfcnvrt@ap                                  cstackBANK0  00023
i1vfpfcnvrt@c                                   cstackBANK0  0002F
i1vfpfcnvrt@convarg                             cstackBANK0  0002B
i1vfpfcnvrt@cp                                  cstackBANK0  00029
i1vfpfcnvrt@done                                cstackBANK0  00028
i1vfpfcnvrt@fmt                                 cstackBANK0  00022
i1vfpfcnvrt@fp                                  cstackBANK0  00020
i1vfprintf@ap                                   cstackBANK0  00034
i1vfprintf@cfmt                                 cstackCOMMON 0007C
i1vfprintf@fmt                                  cstackBANK0  00032
i1vfprintf@fp                                   cstackBANK0  00030
int$flags                                       (abs)        0007E
intlevel0                                       functab      00000
intlevel1                                       functab      00000
intlevel2                                       functab      00000
intlevel3                                       functab      00000
intlevel4                                       functab      00000
intlevel5                                       functab      00000
printf@ap                                       cstackBANK1  000C3
printf@fmt                                      cstackBANK1  000C1
reset_vec                                       reset_vec    00000
start                                           init         00017
start_initialization                            cinit        00019
vfpfcnvrt@ap                                    cstackBANK1  000AD
vfpfcnvrt@c                                     cstackBANK1  000B9
vfpfcnvrt@convarg                               cstackBANK1  000B5
vfpfcnvrt@cp                                    cstackBANK1  000B3
vfpfcnvrt@done                                  cstackBANK1  000B2
vfpfcnvrt@fmt                                   cstackBANK1  000AC
vfpfcnvrt@fp                                    cstackBANK1  000AA
vfprintf@ap                                     cstackBANK1  000BE
vfprintf@cfmt                                   cstackBANK1  000BF
vfprintf@fmt                                    cstackBANK1  000BC
vfprintf@fp                                     cstackBANK1  000BA
wtemp0                                          (abs)        0007E


MODULE INFORMATION

Module		Function		Class		Link	Load	Size
mcc_generated_files/system/src/interrupt.c
		_INT_SetInterruptHandler		CODE           	060C	0000	6
		_INTERRUPT_Initialize		CODE           	05EA	0000	12
		_INTERRUPT_InterruptManager		CODE           	0004	0000	19

mcc_generated_files/system/src/interrupt.c estimated size: 37

C:\Apps\Microchip\xc8\pic\sources\c99\common\putch.c
		_putch         		CODE           	0612	0000	1

C:\Apps\Microchip\xc8\pic\sources\c99\common\putch.c estimated size: 1

C:\Apps\Microchip\xc8\pic\sources\c99\common\doprnt.c
		_vfpfcnvrt     		CODE           	002D	0000	242
		_vfprintf      		CODE           	0548	0000	30

C:\Apps\Microchip\xc8\pic\sources\c99\common\doprnt.c estimated size: 272

mcc_generated_files/system/src/pins.c
		_PIN_MANAGER_Initialize		CODE           	04EA	0000	33

mcc_generated_files/system/src/pins.c estimated size: 33

C:\Apps\Microchip\xc8\pic\sources\c99\common\awmod.c
		___awmod       		CODE           	0441	0000	86

C:\Apps\Microchip\xc8\pic\sources\c99\common\awmod.c estimated size: 86

C:\Apps\Microchip\xc8\pic\sources\c99\common\nf_fputc.c
		_fputc         		CODE           	0272	0000	95

C:\Apps\Microchip\xc8\pic\sources\c99\common\nf_fputc.c estimated size: 95

shared
		i1_printf      		CODE           	05CD	0000	16
		i1_vfpfcnvrt   		CODE           	011F	0000	239
		i1_abs         		CODE           	058C	0000	17
		i1_putch       		CODE           	0614	0000	1
		i1_vfprintf    		CODE           	050B	0000	31
		i1___awdiv     		CODE           	02D1	0000	95
		__initialization		CODE           	0019	0000	16
		i1___awmod     		CODE           	0497	0000	83
		_Timer0        		STRCODE        	0000	0000	0
		i1_fputc       		CODE           	038D	0000	93

shared estimated size: 591

C:\Apps\Microchip\xc8\pic\sources\c99\common\abs.c
		_abs           		CODE           	057A	0000	18

C:\Apps\Microchip\xc8\pic\sources\c99\common\abs.c estimated size: 18

mcc_generated_files/system/src/clock.c
		_CLOCK_Initialize		CODE           	05AD	0000	16

mcc_generated_files/system/src/clock.c estimated size: 16

mcc_generated_files/timer/src/tmr0.c
		_Timer0_Initialize		CODE           	0566	0000	20
		_Timer0_OverflowCallbackRegister		CODE           	0606	0000	6
		_Timer0_OverflowISR		CODE           	05BD	0000	16
		_Timer0_DefaultOverflowCallback		CODE           	0613	0000	1

mcc_generated_files/timer/src/tmr0.c estimated size: 43

main.c
		_main          		CODE           	0330	0000	93
		_Timer_CallBack_Function		CODE           	03EA	0000	87

main.c estimated size: 180

C:\Apps\Microchip\xc8\pic\sources\c99\common\printf.c
		_printf        		CODE           	059D	0000	16

C:\Apps\Microchip\xc8\pic\sources\c99\common\printf.c estimated size: 16

mcc_generated_files/system/src/system.c
		_SYSTEM_Initialize		CODE           	05DD	0000	13

mcc_generated_files/system/src/system.c estimated size: 13

C:\Apps\Microchip\xc8\pic\sources\c99\common\awdiv.c
		___awdiv       		CODE           	020E	0000	100

C:\Apps\Microchip\xc8\pic\sources\c99\common\awdiv.c estimated size: 100

