Microchip MPLAB XC8 Compiler V2.46

Linker command line:

-W-3 --edf=C:\Apps\Microchip\xc8\pic\dat\20240104201356_en.msgs -cn \
  -h+dist/default/production\PIC_QuickDevBoard_PIC16F84.X.production.sym \
  --cmf=dist/default/production\PIC_QuickDevBoard_PIC16F84.X.production.cmf \
  -z -Q16F84A -oC:\Users\roniv\AppData\Local\Temp\xcAs18tc.\driver_tmp_3.o \
  --defsym=__MPLAB_BUILD=1 --fixupoverflow=error \
  -Mdist/default/production/PIC_QuickDevBoard_PIC16F84.X.production.map \
  --md=C:\Users\roniv\AppData\Local\Temp\xcAs18tc.\driver_tmp_0.dat -E1 \
  -ver=XC8 Compiler --acfsm=1493 -ACODE=00h-03FFh -ASTRCODE=00h-03FFh \
  -ASTRING=00h-0FFhx4 -ACONST=00h-0FFhx4 -AENTRY=00h-0FFhx4 \
  -ABANK0=0Ch-04Dh -ARAM=0Ch-04Dh -AABS1=0Ch-04Fh -ACOMMON=04Eh-04Fh \
  -ASFR0=00h-0Bh -ASFR1=080h-0CDh -ACONFIG=02007h-02007h -DCONFIG=2 \
  -AIDLOC=02000h-02003h -DIDLOC=2 -AEEDATA=00h-03Fh/02100h \
  -peeprom_data=EEDATA -DEEDATA=2 -DCODE=2 -DSTRCODE=2 -DSTRING=2 -DCONST=2 \
  -DENTRY=2 -preset_vec=00h,intentry,sivt,init,end_init -ppowerup=CODE \
  -pcinit=CODE -pfunctab=ENTRY -k \
  C:\Users\roniv\AppData\Local\Temp\xcAs18tc.\driver_tmp_12.o \
  dist/default/production\PIC_QuickDevBoard_PIC16F84.X.production.o 

Object code version is 3.11

Machine type is 16F84A



                Name                               Link     Load   Length Selector   Space Scale
C:\Users\roniv\AppData\Local\Temp\xcAs18tc.\driver_tmp_12.o
                end_init                              0        0        1        0       0
dist/default/production\PIC_QuickDevBoard_PIC16F84.X.production.o
                cinit                               3FE      3FE        2      7FC       0
                text2                               394      394       6A      728       0
                text1                               36C      36C       13      6D8       0
                maintext                            37F      37F       15      6FE       0
                cstackBANK0                           C        C       16        C       1

TOTAL           Name                               Link     Load   Length     Space
        CLASS   CODE           
                end_init                              0        0        1         0
                cinit                               3FE      3FE        2         0
                text2                               394      394       6A         0
                text1                               36C      36C       13         0
                maintext                            37F      37F       15         0

        CLASS   STRCODE        

        CLASS   STRING         

        CLASS   CONST          

        CLASS   ENTRY          

        CLASS   BANK0          
                cstackBANK0                           C        C       16         1

        CLASS   RAM            

        CLASS   ABS1           
                abs_s1                               4E       4E        2         1

        CLASS   COMMON         

        CLASS   SFR0           

        CLASS   SFR1           

        CLASS   CONFIG         

        CLASS   IDLOC          

        CLASS   EEDATA         

        CLASS   BANK1          

        CLASS   HEAP           

        CLASS   STACK          



SEGMENTS        Name                           Load    Length   Top    Selector   Space  Class     Delta

                reset_vec                      000000  000001  000001         0       0  CODE        2
                cstackBANK0                    00000C  000016  000022         C       1  BANK0       1
                text1                          00036C  000013  00037F       6D8       0  CODE        2
                maintext                       00037F  000015  000394       6FE       0  CODE        2
                text2                          000394  00006A  0003FE       728       0  CODE        2
                cinit                          0003FE  000002  000400       7FC       0  CODE        2


UNUSED ADDRESS RANGES

        Name                Unused          Largest block    Delta
        BANK0            022-04D            2C           1
        CODE             001-36B           36B           2
        CONFIG           2007-2007             1           2
        CONST            001-36B           100           2
        EEDATA           2100-213F            40           2
        ENTRY            001-36B           100           2
        IDLOC            2000-2003             4           2
        RAM              022-04D            2C           1
        SFR0             000-00B             C           1
        SFR1             080-0CD            4E           1
        STRCODE          001-36B           36B           2
        STRING           001-36B           100           2

                                  Symbol Table

Delayms@count            cstackBANK0  018
Delayms@milliseconds     cstackBANK0  00C
Delayms@ms               cstackBANK0  014
_Delayms                 text2        394
_PORTAbits               (abs)        005
_TRISA                   (abs)        085
__H__absolute__          __absolute__ 000
__Habs1                  abs1         000
__Hbank0                 bank0        000
__Hbank1                 bank1        000
__Hcinit                 cinit        400
__Hclrtext               clrtext      000
__Hcode                  code         000
__Hcommon                common       000
__HcstackBANK0           cstackBANK0  000
__HcstackCOMMON          cstackCOMMON 000
__Heeprom_data           eeprom_data  000
__Hend_init              end_init     001
__Hfunctab               functab      000
__Hheap                  heap         000
__Hinit                  init         000
__Hintentry              intentry     000
__Hmaintext              maintext     000
__Hpowerup               powerup      000
__Hram                   ram          000
__Hreset_vec             reset_vec    000
__Hsfr0                  sfr0         000
__Hsfr1                  sfr1         000
__Hsivt                  sivt         000
__Hspace_0               (abs)        400
__Hspace_1               (abs)        022
__Hspace_2               (abs)        000
__Hspace_3               (abs)        000
__Hstack                 stack        000
__Hstrings               strings      000
__Htext                  text         000
__L__absolute__          __absolute__ 000
__Labs1                  abs1         000
__Lbank0                 bank0        000
__Lbank1                 bank1        000
__Lcinit                 cinit        3FE
__Lclrtext               clrtext      000
__Lcode                  code         000
__Lcommon                common       000
__LcstackBANK0           cstackBANK0  000
__LcstackCOMMON          cstackCOMMON 000
__Leeprom_data           eeprom_data  000
__Lend_init              end_init     000
__Lfunctab               functab      000
__Lheap                  heap         000
__Linit                  init         000
__Lintentry              intentry     000
__Lmaintext              maintext     000
__Lpowerup               powerup      000
__Lram                   ram          000
__Lreset_vec             reset_vec    000
__Lsfr0                  sfr0         000
__Lsfr1                  sfr1         000
__Lsivt                  sivt         000
__Lspace_0               (abs)        000
__Lspace_1               (abs)        000
__Lspace_2               (abs)        000
__Lspace_3               (abs)        000
__Lstack                 stack        000
__Lstrings               strings      000
__Ltext                  text         000
__S0                     (abs)        400
__S1                     (abs)        022
__S3                     (abs)        000
___heap_hi               (abs)        000
___heap_lo               (abs)        000
___int_sp                stack        000
___int_stack_hi          stack        000
___int_stack_lo          stack        000
___latbits               (abs)        000
___sp                    stack        000
___stack_hi              stack        000
___stack_lo              stack        000
___stackhi               (abs)        000
___stacklo               (abs)        000
__end_of_Delayms         text2        3FE
__end_of__initialization cinit        3FE
__end_of_main            maintext     394
__end_of_onboardDemo     text1        37F
__initialization         cinit        3FE
__pcstackBANK0           cstackBANK0  00C
__pcstackCOMMON          cstackCOMMON 000
__pmaintext              maintext     37F
__ptext1                 text1        36C
__ptext2                 text2        394
_main                    maintext     37F
_onboardDemo             text1        36C
btemp                    (abs)        04E
end_of_initialization    cinit        3FE
intlevel0                functab      000
intlevel1                functab      000
intlevel2                functab      000
intlevel3                functab      000
intlevel4                functab      000
intlevel5                functab      000
onboardDemo@delay        cstackBANK0  01C
reset_vec                reset_vec    000
start                    init         000
start_initialization     cinit        3FE
wtemp0                   (abs)        04E


MODULE INFORMATION

Module		Function		Class		Link	Load	Size
shared
		__initialization		CODE           	03FE	0000	1

shared estimated size: 1

main.c
		_onboardDemo   		CODE           	036C	0000	19
		_main          		CODE           	037F	0000	21
		_Delayms       		CODE           	0394	0000	106

main.c estimated size: 146

